DO $$
DECLARE
  u   collection('text');
BEGIN
  RAISE NOTICE 'Subscript test 1';
  u['aaa'] := 'Hello World';
  u['bbb'] := 'Hello All';
  u['ccc'] := 'Hi';
  RAISE NOTICE 'count: %', count(u);
END
$$;
NOTICE:  Subscript test 1
NOTICE:  count: 3
DO $$
DECLARE
  u   collection('text');
BEGIN
  RAISE NOTICE 'Subscript test 2';
  u['aaa'] := 'Hello World';
  u['bbb'] := 'Hello All';
  u['ccc'] := 'Hi';

  RAISE NOTICE 'value: %', u['bbb'];
END
$$;
NOTICE:  Subscript test 2
NOTICE:  value: Hello All
DO $$
DECLARE
  u   collection('text');
BEGIN
  RAISE NOTICE 'Subscript test 3';
  u['aaa'] := 'Hello World';
  u['aaa'] := 'Hello All';

  RAISE NOTICE 'count: %', count(u);
  RAISE NOTICE 'value: %', u['aaa'];
END
$$;
NOTICE:  Subscript test 3
NOTICE:  count: 1
NOTICE:  value: Hello All
DO $$
DECLARE
  u   collection('text');
BEGIN
  RAISE NOTICE 'Subscript test 4';
  u['aaa'] := 'Hello World';
  u['bbb'] := 'Hello All';
  u['ccc'] := 'Hi';

  RAISE NOTICE 'value: %', u[null];
END
$$;
NOTICE:  Subscript test 4
NOTICE:  value: Hello World
DO $$
DECLARE
  u   collection('date');
BEGIN
  RAISE NOTICE 'Subscript test 5';
  u['aaa'] := '1999-12-31'::date;

  RAISE NOTICE 'value: %', value(u, null::date);
END
$$;
NOTICE:  Subscript test 5
NOTICE:  value: 12-31-1999
DO $$
DECLARE
  u   collection('date');
BEGIN
  RAISE NOTICE 'Subscript test 6';
  u['aaa'] := '1999-12-31'::date;

  RAISE NOTICE 'value: %', u[null];
END
$$;
NOTICE:  Subscript test 6
NOTICE:  value: 12-31-1999
DO $$
DECLARE
  u   collection('text');
BEGIN
  RAISE NOTICE 'Subscript test 7';
  u['aaa'] := 'Hello World';
  u['bbb'] := 'Hello All';
  u['ccc'] := 'Hi';

  RAISE NOTICE 'value: %', u['ddd'];
END
$$;
NOTICE:  Subscript test 7
ERROR:  key "ddd" not found
CONTEXT:  PL/pgSQL function inline_code_block line 10 at RAISE
DO
$$
DECLARE
  r       pg_class%ROWTYPE;
  c       collection('pg_class');
BEGIN
  RAISE NOTICE 'Subscript test 8';
  FOR r IN SELECT pg_class.* 
             FROM pg_class
            WHERE relname = 'pg_type'
            LIMIT 1
  LOOP
    c[r.relname] = r;
  END LOOP;

  RAISE NOTICE 'Collection size: %', count(c);
  RAISE NOTICE 'Key: %', key(c);
  RAISE NOTICE 'Schema: %', c['pg_type'].relnamespace::regnamespace;
END
$$;
NOTICE:  Subscript test 8
NOTICE:  Collection size: 1
NOTICE:  Key: pg_type
NOTICE:  Schema: pg_catalog
DO $$
DECLARE
  u   collection('text');
BEGIN
  RAISE NOTICE 'Subscript test 9';
  u[repeat('a', 256)] := 'Hello World';
  RAISE NOTICE 'count: %', count(u);
END
$$;
NOTICE:  Subscript test 9
NOTICE:  count: 1
DO $$
DECLARE
  u   collection('text');
BEGIN
  RAISE NOTICE 'Subscript test 10';
  u := add(u, 'x1', 'Hello World'::text);
  u := add(u, 'y3', '12-31-1999'::date);
  RAISE NOTICE 'count: %', count(u);
END
$$;
NOTICE:  Subscript test 10
ERROR:  incompatible value data type
DETAIL:  expecting text, but received date
CONTEXT:  PL/pgSQL function inline_code_block line 7 at assignment
DO
$$
DECLARE
  parent    collection('collection');
  child1    collection('text');
  child2    collection('text');
BEGIN
  RAISE NOTICE 'Subscript test 11';

  child1['aaa'] := 'Hello World';
  child1['bbb'] := 'Hello All';

  child2['AAA'] := 'Hallo Welt';
  child2['BBB'] := 'Hola Mundo';

  parent['child1'] := child1;
  parent['child2'] := child2;

  RAISE NOTICE 'Parent: %', parent;
END
$$;
NOTICE:  Subscript test 11
NOTICE:  Parent: {"value_type": "public.collection", "entries": {"child1": "{\"value_type\": \"pg_catalog.text\", \"entries\": {\"aaa\": \"Hello World\", \"bbb\": \"Hello All\"}}", "child2": "{\"value_type\": \"pg_catalog.text\", \"entries\": {\"AAA\": \"Hallo Welt\", \"BBB\": \"Hola Mundo\"}}"}}
DO
$$
DECLARE
t collection;
BEGIN
  RAISE NOTICE 'Subscript test 12';

  RAISE NOTICE 'The current val is %', t['2'];
END
$$;
NOTICE:  Subscript test 12
NOTICE:  The current val is <NULL>
DO
$$
DECLARE
  t  collection;
BEGIN
  RAISE NOTICE 'Subscript test 13';

  t['1'] := 111::bigint;
  t['2'] := 222::bigint;
  RAISE NOTICE 'The type is %', value_type(t);
END
$$;
NOTICE:  Subscript test 13
NOTICE:  The type is text
DO
$$
DECLARE
  t  collection;
BEGIN
  RAISE NOTICE 'Subscript test 14';

  t := add(t, '1', 111::bigint);
  t['2'] := 'abc';
END
$$;
NOTICE:  Subscript test 14
ERROR:  incompatible value data type
DETAIL:  expecting bigint, but received text
CONTEXT:  PL/pgSQL function inline_code_block line 8 at assignment
DO
$$
DECLARE
  t collection('bigint');
  x collection('bigint');
BEGIN
  RAISE NOTICE 'Subscript test 15';
  t['1'] := 1;
  t['2'] := 2;
  t['111'] := 11;

  RAISE NOTICE 'The current val of t is %', t;

  x := (t::text)::collection('bigint');
  RAISE NOTICE 'The current val of x is %', x;
  RAISE NOTICE 'The current val of t[2] is %', t['2'];

  RAISE NOTICE 'The current val of x[2] is %', x['2'];
END
$$;
NOTICE:  Subscript test 15
NOTICE:  The current val of t is {"value_type": "bigint", "entries": {"1": "1", "2": "2", "111": "11"}}
NOTICE:  The current val of x is {"value_type": "bigint", "entries": {"1": "1", "2": "2", "111": "11"}}
NOTICE:  The current val of t[2] is 2
NOTICE:  The current val of x[2] is 2
DO $$
DECLARE
  u   collection;
BEGIN
  RAISE NOTICE 'Subscript test 16';
  u['aaa'] := 'Hello World'::text;
  u['bbb'] := 'Hello All'::text;
  u := delete(u, 'aaa');
  u := delete(u, 'bbb');
  u['aaa'] := 'Hello'::text;
  u['bbb'] := 'World'::text;
  RAISE NOTICE 'count: %', count(u);
END
$$;
NOTICE:  Subscript test 16
NOTICE:  count: 2
DO $$
DECLARE
  u   collection('bytea');
BEGIN
  RAISE NOTICE 'Subscript test 17';
  u['aaa'] := NULL::bytea;
  RAISE NOTICE 'count: %', count(u);
END
$$;
NOTICE:  Subscript test 17
NOTICE:  count: 1
DO $$
DECLARE
  n collection('numeric');
BEGIN
  RAISE NOTICE 'Subscript test 18';
  n['aaa'] := 3.14::numeric(8,2);
  n['bbb'] := 42::numeric(8,2);
  RAISE NOTICE 'aaa: %', n['aaa'];
  RAISE NOTICE 'bbb: %', n['bbb'];
END $$;
NOTICE:  Subscript test 18
NOTICE:  aaa: 3.14
NOTICE:  bbb: 42.00
DO $$
DECLARE
  n collection('INTERVAL');
BEGIN
  RAISE NOTICE 'Subscript test 19';
  n['aaa'] := INTERVAL '5 days 4 hours 3 minutes 2 seconds';
  RAISE NOTICE 'aaa: %', n['aaa'];
END $$;
NOTICE:  Subscript test 19
NOTICE:  aaa: @ 5 days 4 hours 3 mins 2 secs
CREATE FUNCTION test_timestamps()
  RETURNS void AS
$$
DECLARE
  m collection('TIMESTAMP WITHOUT TIME ZONE');
  n collection('TIMESTAMP WITH TIME ZONE');
BEGIN
  RAISE NOTICE 'Subscript test 20';
  m['M'] := '2024-01-15 10:30:45'::TIMESTAMP(0);

  n['O'] := '2024-01-15 10:30:45.123456+02:00'::TIMESTAMP(6) WITH TIME ZONE;

  RAISE NOTICE 'm[M]: %', m['M'];
  RAISE NOTICE 'n[O]: %', n['O'];
END
$$ LANGUAGE plpgsql
SET TIME ZONE 'UTC';
SELECT test_timestamps();
NOTICE:  Subscript test 20
NOTICE:  m[M]: Mon Jan 15 10:30:45 2024
NOTICE:  n[O]: Mon Jan 15 08:30:45.123456 2024 UTC
 test_timestamps 
-----------------
 
(1 row)

DROP FUNCTION test_timestamps();
